// Jest Snapshot v1, https://goo.gl/fbAQLP

exports[`Home renders homepage unchanged 1`] = `
<div>
  <div
    class="ant-row css-dev-only-do-not-override-1n7nwfa"
  >
    <div
      class="ant-col ant-col-xs-24 ant-col-xs-offset-0 ant-col-sm-24 ant-col-sm-offset-0 ant-col-md-20 ant-col-md-offset-2 ant-col-lg-18 ant-col-lg-offset-3 ant-col-xl-16 ant-col-xl-offset-4 css-dev-only-do-not-override-1n7nwfa"
    >
      <div
        class="ant-card css-dev-only-do-not-override-1n7nwfa"
      >
        <div
          class="ant-card-body"
        >
          <div
            class="ant-card-meta"
          >
            <div
              class="ant-card-meta-avatar"
            >
              <span
                aria-label="team"
                class="anticon anticon-team"
                role="img"
              >
                <svg
                  aria-hidden="true"
                  data-icon="team"
                  fill="currentColor"
                  focusable="false"
                  height="1em"
                  viewBox="64 64 896 896"
                  width="1em"
                >
                  <path
                    d="M824.2 699.9a301.55 301.55 0 00-86.4-60.4C783.1 602.8 812 546.8 812 484c0-110.8-92.4-201.7-203.2-200-109.1 1.7-197 90.6-197 200 0 62.8 29 118.8 74.2 155.5a300.95 300.95 0 00-86.4 60.4C345 754.6 314 826.8 312 903.8a8 8 0 008 8.2h56c4.3 0 7.9-3.4 8-7.7 1.9-58 25.4-112.3 66.7-153.5A226.62 226.62 0 01612 684c60.9 0 118.2 23.7 161.3 66.8C814.5 792 838 846.3 840 904.3c.1 4.3 3.7 7.7 8 7.7h56a8 8 0 008-8.2c-2-77-33-149.2-87.8-203.9zM612 612c-34.2 0-66.4-13.3-90.5-37.5a126.86 126.86 0 01-37.5-91.8c.3-32.8 13.4-64.5 36.3-88 24-24.6 56.1-38.3 90.4-38.7 33.9-.3 66.8 12.9 91 36.6 24.8 24.3 38.4 56.8 38.4 91.4 0 34.2-13.3 66.3-37.5 90.5A127.3 127.3 0 01612 612zM361.5 510.4c-.9-8.7-1.4-17.5-1.4-26.4 0-15.9 1.5-31.4 4.3-46.5.7-3.6-1.2-7.3-4.5-8.8-13.6-6.1-26.1-14.5-36.9-25.1a127.54 127.54 0 01-38.7-95.4c.9-32.1 13.8-62.6 36.3-85.6 24.7-25.3 57.9-39.1 93.2-38.7 31.9.3 62.7 12.6 86 34.4 7.9 7.4 14.7 15.6 20.4 24.4 2 3.1 5.9 4.4 9.3 3.2 17.6-6.1 36.2-10.4 55.3-12.4 5.6-.6 8.8-6.6 6.3-11.6-32.5-64.3-98.9-108.7-175.7-109.9-110.9-1.7-203.3 89.2-203.3 199.9 0 62.8 28.9 118.8 74.2 155.5-31.8 14.7-61.1 35-86.5 60.4-54.8 54.7-85.8 126.9-87.8 204a8 8 0 008 8.2h56.1c4.3 0 7.9-3.4 8-7.7 1.9-58 25.4-112.3 66.7-153.5 29.4-29.4 65.4-49.8 104.7-59.7 3.9-1 6.5-4.7 6-8.7z"
                  />
                </svg>
              </span>
            </div>
            <div
              class="ant-card-meta-detail"
            >
              <div
                class="ant-card-meta-title"
              >
                <span
                  style="white-space: normal;"
                >
                  A public petition to regulate gambling and other lottery schemes on public access radio & TV stations
                </span>
              </div>
              <div
                class="ant-card-meta-description"
              >
                Lorem ipsum dolor sit amet, consectetur adipiscing elit. In sed laoreet augue, et tempor arcu. Curabitur sodales accumsan gravida. Curabitur lacus sapien, rutrum id semper id, interdum lobortis mauris. Curabitur elementum cursus mi. Interdum et malesuada fames ac ante ipsum primis in faucibus. Ut commodo rutrum metus, id condimentum sapien interdum quis. Donec rutrum, velit eget iaculis aliquam, nisl dolor imperdiet purus, a aliquet tellus ante eget metus. Maecenas vel fermentum enim, quis fermentum ex. Ut ac maximus arcu, in aliquet elit. In eros sapien, sodales sed sem nec, consectetur vulputate tellus. Class aptent taciti sociosqu ad litora torquent per conubia nostra, per inceptos himenaeos. Lorem ipsum dolor sit amet, consectetur adipiscing elit. Sed iaculis dignissim nulla, a convallis eros interdum et. Donec quis enim laoreet, varius sem at, maximus eros. Maecenas eu auctor felis. Aenean libero nisi, congue ac justo ut, tristique efficitur risus. Pellentesque suscipit eros sed iaculis varius. Etiam condimentum eu felis eget pulvinar. Nam rhoncus nibh ac faucibus dignissim. Etiam suscipit sed justo vitae molestie. Nunc ut metus non elit tincidunt dapibus non id ligula. Ut pulvinar sapien non est ultrices dignissim. Ut non dapibus mauris. Quisque dictum elit sed hendrerit fringilla. Cras posuere, felis sit amet tempor dignissim, tellus sem rutrum dui, ac tempus ipsum risus quis ligula. Suspendisse lobortis neque sit amet sapien vestibulum pharetra. Proin suscipit hendrerit augue id varius. Sed vel scelerisque risus, vitae consequat nisl.
              </div>
            </div>
          </div>
        </div>
      </div>
    </div>
  </div>
  <br />
  <div
    class="container"
  >
    <button
      class="ant-btn css-dev-only-do-not-override-1n7nwfa ant-btn-round ant-btn-primary ant-btn-lg"
      data-testid="sign-petition-button"
      type="button"
    >
      <span>
        Sign Petition Â  &gt;
      </span>
    </button>
  </div>
</div>
`;
